02:54:30 **** Incremental Build of configuration Debug for project RGBlinky ****
make -j24 all 
arm-none-eabi-gcc "../Core/Src/main.c" -mcpu=cortex-m0plus -std=gnu11 -g3 -DDEBUG -DUSE_HAL_DRIVER -DSTM32C031xx -c -I../Core/Inc -I../Drivers/STM32C0xx_HAL_Driver/Inc -I../Drivers/STM32C0xx_HAL_Driver/Inc/Legacy -I../Drivers/CMSIS/Device/ST/STM32C0xx/Include -I../Drivers/CMSIS/Include -O0 -ffunction-sections -fdata-sections -Wall -fstack-usage -fcyclomatic-complexity -MMD -MP -MF"Core/Src/main.d" -MT"Core/Src/main.o" --specs=nano.specs -mfloat-abi=soft -mthumb -o "Core/Src/main.o"
../Core/Src/main.c: In function '_write':
../Core/Src/main.c:44:37: warning: pointer targets in passing argument 2 of 'HAL_UART_Transmit' differ in signedness [-Wpointer-sign]
   44 |          HAL_UART_Transmit(&huart1, ptr, len, HAL_MAX_DELAY);
      |                                     ^~~
      |                                     |
      |                                     char *
In file included from ../Core/Inc/stm32c0xx_hal_conf.h:240,
                 from ../Drivers/STM32C0xx_HAL_Driver/Inc/stm32c0xx_hal.h:30,
                 from ../Core/Inc/main.h:30,
                 from ../Core/Src/main.c:20:
../Drivers/STM32C0xx_HAL_Driver/Inc/stm32c0xx_hal_uart.h:1631:79: note: expected 'const uint8_t *' {aka 'const unsigned char *'} but argument is of type 'char *'
 1631 | HAL_StatusTypeDef HAL_UART_Transmit(UART_HandleTypeDef *huart, const uint8_t *pData, uint16_t Size, uint32_t Timeout);
      |                                                                ~~~~~~~~~~~~~~~^~~~~
../Core/Src/main.c:45:1: warning: control reaches end of non-void function [-Wreturn-type]
   45 | }
      | ^
arm-none-eabi-gcc -o "RGBlinky.elf" @"objects.list"   -mcpu=cortex-m0plus -T"D:\Home\Electronics\RGBlinker\sw\RGBlinky\STM32C031K6UX_FLASH.ld" --specs=nosys.specs -Wl,-Map="RGBlinky.map" -Wl,--gc-sections -static --specs=nano.specs -mfloat-abi=soft -mthumb -Wl,--start-group -lc -lm -Wl,--end-group
Finished building target: RGBlinky.elf
 
arm-none-eabi-size  RGBlinky.elf 
arm-none-eabi-objdump -h -S RGBlinky.elf  > "RGBlinky.list"
   text	   data	    bss	    dec	    hex	filename
  19516	    176	   2728	  22420	   5794	RGBlinky.elf
Finished building: default.size.stdout
 
Finished building: RGBlinky.list
 
02:54:34 **** Incremental Build of configuration Debug for project RGBlinky ****
make -j24 all 
arm-none-eabi-size  RGBlinky.elf 
   text	   data	    bss	    dec	    hex	filename
  19516	    176	   2728	  22420	   5794	RGBlinky.elf
Finished building: default.size.stdout
 
02:56:16 **** Incremental Build of configuration Debug for project RGBlinky ****
make -j24 all 
arm-none-eabi-gcc "../Core/Src/main.c" -mcpu=cortex-m0plus -std=gnu11 -g3 -DDEBUG -DUSE_HAL_DRIVER -DSTM32C031xx -c -I../Core/Inc -I../Drivers/STM32C0xx_HAL_Driver/Inc -I../Drivers/STM32C0xx_HAL_Driver/Inc/Legacy -I../Drivers/CMSIS/Device/ST/STM32C0xx/Include -I../Drivers/CMSIS/Include -O0 -ffunction-sections -fdata-sections -Wall -fstack-usage -fcyclomatic-complexity -MMD -MP -MF"Core/Src/main.d" -MT"Core/Src/main.o" --specs=nano.specs -mfloat-abi=soft -mthumb -o "Core/Src/main.o"
../Core/Src/main.c: In function '_write':
../Core/Src/main.c:44:37: warning: pointer targets in passing argument 2 of 'HAL_UART_Transmit' differ in signedness [-Wpointer-sign]
   44 |          HAL_UART_Transmit(&huart1, ptr, len, HAL_MAX_DELAY);
      |                                     ^~~
      |                                     |
      |                                     char *
In file included from ../Core/Inc/stm32c0xx_hal_conf.h:240,
                 from ../Drivers/STM32C0xx_HAL_Driver/Inc/stm32c0xx_hal.h:30,
                 from ../Core/Inc/main.h:30,
                 from ../Core/Src/main.c:20:
../Drivers/STM32C0xx_HAL_Driver/Inc/stm32c0xx_hal_uart.h:1631:79: note: expected 'const uint8_t *' {aka 'const unsigned char *'} but argument is of type 'char *'
 1631 | HAL_StatusTypeDef HAL_UART_Transmit(UART_HandleTypeDef *huart, const uint8_t *pData, uint16_t Size, uint32_t Timeout);
      |                                                                ~~~~~~~~~~~~~~~^~~~~
../Core/Src/main.c:45:1: warning: control reaches end of non-void function [-Wreturn-type]
   45 | }
      | ^
arm-none-eabi-gcc -o "RGBlinky.elf" @"objects.list"   -mcpu=cortex-m0plus -T"D:\Home\Electronics\RGBlinker\sw\RGBlinky\STM32C031K6UX_FLASH.ld" --specs=nosys.specs -Wl,-Map="RGBlinky.map" -Wl,--gc-sections -static --specs=nano.specs -mfloat-abi=soft -mthumb -Wl,--start-group -lc -lm -Wl,--end-group
Finished building target: RGBlinky.elf
 
arm-none-eabi-size  RGBlinky.elf 
arm-none-eabi-objdump -h -S RGBlinky.elf  > "RGBlinky.list"
   text	   data	    bss	    dec	    hex	filename
  19508	    320	   2728	  22556	   581c	RGBlinky.elf
Finished building: default.size.stdout
 
Finished building: RGBlinky.list
 
02:56:59 **** Incremental Build of configuration Debug for project RGBlinky ****
make -j24 all 
arm-none-eabi-gcc -o "RGBlinky.elf" @"objects.list"   -mcpu=cortex-m0plus -T"D:\Home\Electronics\RGBlinker\sw\RGBlinky\STM32C031K6UX_FLASH.ld" --specs=nosys.specs -Wl,-Map="RGBlinky.map" -Wl,--gc-sections -static --specs=nano.specs -mfloat-abi=soft -mthumb -Wl,--start-group -lc -lm -Wl,--end-group
Finished building target: RGBlinky.elf
 
arm-none-eabi-size  RGBlinky.elf 
arm-none-eabi-objdump -h -S RGBlinky.elf  > "RGBlinky.list"
   text	   data	    bss	    dec	    hex	filename
  19508	    320	   2728	  22556	   581c	RGBlinky.elf
Finished building: default.size.stdout
 
Finished building: RGBlinky.list
 
