02:56:59 **** Incremental Build of configuration Debug for project RGBlinky ****
make -j24 all 
arm-none-eabi-gcc -o "RGBlinky.elf" @"objects.list"   -mcpu=cortex-m0plus -T"D:\Home\Electronics\RGBlinker\sw\RGBlinky\STM32C031K6UX_FLASH.ld" --specs=nosys.specs -Wl,-Map="RGBlinky.map" -Wl,--gc-sections -static --specs=nano.specs -mfloat-abi=soft -mthumb -Wl,--start-group -lc -lm -Wl,--end-group
Finished building target: RGBlinky.elf
 
arm-none-eabi-size  RGBlinky.elf 
arm-none-eabi-objdump -h -S RGBlinky.elf  > "RGBlinky.list"
   text	   data	    bss	    dec	    hex	filename
  19508	    320	   2728	  22556	   581c	RGBlinky.elf
Finished building: default.size.stdout
 
Finished building: RGBlinky.list
 

02:56:59 Build Finished. 0 errors, 0 warnings. (took 504ms)

